Compiling file deptype-example.v
Verifying file deptype-example.v
verified
Total: 0 assertions failed
