unsat
sat
unsat
unsat
sat
unsat
base conditions are satisfiable? (should be sat)
sat
unsat
unsat
unsat
unsat
unsat
unsat
unsat
unsat
unsat
unsat
unsat
sat
sat
unsat
unsat
unsat
unsat
unsat
unsat
unsat
