Compiling file mux.v
Verifying file mux.v
verified
Total: 0 assertions failed
