unsat
Start base conditions are satisfiable? (should be sat)
sat
End base conditions are satisfiable?
unsat
sat
unsat
unsat
