unsat
unsat
Start base conditions are satisfiable? (should be sat)
sat
End base conditions are satisfiable?
unsat
unsat
unsat
unsat
unsat
unsat
unsat
unsat
unsat
sat
unsat
unsat
unsat
unsat
unsat
unsat
unsat
unsat
unsat
unsat
unsat
unsat
unsat
unsat
unsat
unsat
unsat
unsat
unsat
unsat
unsat
unsat
unsat
unsat
unsat
unsat
