unsat
unsat
unsat
sat
sat
unsat
unsat
unsat
sat
unsat
unsat
unsat
