base conditions are satisfiable? (should be sat)
sat
unsat
unsat
unsat
unsat
sat
unsat
unsat
sat
sat
sat
unsat
unsat
unsat
unsat
sat
unsat
unsat
unsat
