unsat
unsat
unsat
unsat
unsat
unsat
unsat
unsat
unsat
unsat
unsat
unsat
unsat
unsat
unsat
unsat
unsat
unsat
unsat
unsat
unsat
Start base conditions are satisfiable? (should be sat)
unknown
End base conditions are satisfiable?
unsat
unsat
unsat
unknown
unsat
unsat
unknown
