unsat
sat
unsat
unsat
unsat
unsat
unsat
unsat
unsat
unsat
unsat
unsat
sat
unsat
sat
