base conditions are satisfiable? (should be sat)
sat
unsat
unsat
unsat
unsat
unsat
unsat
unsat
unsat
unsat
unsat
unsat
unsat
unsat
unsat
unsat
